main.c:86:5:main	8	static
main.c:171:6:SystemClock_Config	120	static
main.c:222:13:MX_ADC1_Init	24	static
main.c:267:13:MX_DAC_Init	16	static
main.c:305:13:MX_I2C2_Init	8	static
main.c:339:13:MX_SPI1_Init	8	static
main.c:377:13:MX_TIM6_Init	16	static
main.c:415:13:MX_USART1_UART_Init	8	static
main.c:448:13:MX_USART2_UART_Init	8	static
main.c:481:13:MX_GPIO_Init	40	static
main.c:537:6:HAL_TIM_PeriodElapsedCallback	16	static
main.c:568:6:HAL_UART_RxCpltCallback	16	static
main.c:585:6:blockingDelay10ms	24	static
main.c:594:6:blockingDelay100ms	24	static
main.c:611:6:Error_Handler	4	static,ignoring_inline_asm
