main.c:89:5:main	8	static
main.c:224:6:SystemClock_Config	120	static
main.c:275:13:MX_ADC1_Init	24	static
main.c:320:13:MX_DAC_Init	16	static
main.c:358:13:MX_I2C2_Init	8	static
main.c:392:13:MX_SPI1_Init	8	static
main.c:430:13:MX_TIM6_Init	16	static
main.c:468:13:MX_USART1_UART_Init	8	static
main.c:501:13:MX_USART2_UART_Init	8	static
main.c:534:13:MX_GPIO_Init	40	static
main.c:593:6:init_timer	16	static
main.c:610:6:ignite_fuse	32	static
main.c:648:10:get_status_all_fuses	32	static
main.c:718:6:igniter_initialize	16	static
main.c:727:6:HAL_TIM_PeriodElapsedCallback	16	static
main.c:764:6:HAL_UART_RxCpltCallback	16	static
main.c:796:6:Error_Handler	4	static,ignoring_inline_asm
