uart.c:13:6:print_float	32	static
uart.c:32:6:print_8b_binary_rep	24	static
uart.c:56:6:print_16b_binary_rep	24	static
uart.c:80:6:print_string	24	static
uart.c:99:6:print_unsigned_decimal	32	static
uart.c:123:6:ClearCursorUp	16	static
uart.c:130:6:ClearScreen	16	static
uart.c:136:6:ClearLine	16	static
uart.c:143:6:CursorTopLeft	16	static
uart.c:149:6:ResetTerminal	16	static
uart.c:155:6:InsertLineFeed	24	static
uart.c:166:6:InsertLineSeparator	8	static
uart.c:170:6:ResetRxBuffer	8	static
uart.c:177:6:HandleByte	8	static
uart.c:240:6:ProcessMessage	40	static
uart.c:293:6:xbee_send_ack	16	static
uart.c:298:6:IncrementConsumer	4	static
uart.c:303:6:xbee_tx	24	static
uart.c:315:9:Pow10LU	24	static
