uart.c:11:6:print_float	32	static
uart.c:30:6:print_8b_binary_rep	24	static
uart.c:54:6:print_16b_binary_rep	24	static
uart.c:78:6:print_string	24	static
uart.c:97:6:PrintUnsignedDecimal	32	static
uart.c:121:6:ClearCursorUp	16	static
uart.c:128:6:ClearScreen	16	static
uart.c:134:6:ClearLine	16	static
uart.c:141:6:CursorTopLeft	16	static
uart.c:147:6:ResetTerminal	16	static
uart.c:153:6:InsertLineFeed	24	static
uart.c:164:6:InsertLineSeparator	8	static
uart.c:168:6:ResetRxBuffer	8	static
uart.c:175:6:HandleByte	8	static
uart.c:240:6:ProcessMessage	8	static
uart.c:245:6:SendACK	16	static
uart.c:250:6:IncrementConsumer	4	static
uart.c:255:6:xbee_tx	16	static
